Archive member included to satisfy reference by file (symbol)

/usr/lib/gcc/avr/5.2.0/avr25/libgcc.a(_exit.o)
                              /usr/lib/gcc/avr/5.2.0/../../../../avr/lib/avr25/crtattiny84.o (exit)
/usr/lib/gcc/avr/5.2.0/avr25/libgcc.a(_copy_data.o)
                              main.o (__do_copy_data)
/usr/lib/gcc/avr/5.2.0/avr25/libgcc.a(_clear_bss.o)
                              main.o (__do_clear_bss)

Allocating common symbols
Common symbol       size              file

temp                0x1               main.o
data_array          0x4               main.o
payload_len         0x1               nrf24.o

Memory Configuration

Name             Origin             Length             Attributes
text             0x0000000000000000 0x0000000000002000 xr
data             0x0000000000800060 0x000000000000ffa0 rw !x
eeprom           0x0000000000810000 0x0000000000010000 rw !x
fuse             0x0000000000820000 0x0000000000000400 rw !x
lock             0x0000000000830000 0x0000000000000400 rw !x
signature        0x0000000000840000 0x0000000000000400 rw !x
*default*        0x0000000000000000 0xffffffffffffffff

Linker script and memory map

LOAD /usr/lib/gcc/avr/5.2.0/../../../../avr/lib/avr25/crtattiny84.o
LOAD main.o
LOAD radioPinFunctions.o
LOAD nrf24.o
LOAD /usr/lib/gcc/avr/5.2.0/../../../../avr/lib/avr25/libm.a
START GROUP
LOAD /usr/lib/gcc/avr/5.2.0/avr25/libgcc.a
LOAD /usr/lib/gcc/avr/5.2.0/../../../../avr/lib/avr25/libm.a
LOAD /usr/lib/gcc/avr/5.2.0/../../../../avr/lib/avr25/libc.a
LOAD /usr/lib/gcc/avr/5.2.0/../../../../avr/lib/avr25/libattiny84.a
END GROUP

.hash
 *(.hash)

.dynsym
 *(.dynsym)

.dynstr
 *(.dynstr)

.gnu.version
 *(.gnu.version)

.gnu.version_d
 *(.gnu.version_d)

.gnu.version_r
 *(.gnu.version_r)

.rel.init
 *(.rel.init)

.rela.init
 *(.rela.init)

.rel.text
 *(.rel.text)
 *(.rel.text.*)
 *(.rel.gnu.linkonce.t*)

.rela.text
 *(.rela.text)
 *(.rela.text.*)
 *(.rela.gnu.linkonce.t*)

.rel.fini
 *(.rel.fini)

.rela.fini
 *(.rela.fini)

.rel.rodata
 *(.rel.rodata)
 *(.rel.rodata.*)
 *(.rel.gnu.linkonce.r*)

.rela.rodata
 *(.rela.rodata)
 *(.rela.rodata.*)
 *(.rela.gnu.linkonce.r*)

.rel.data
 *(.rel.data)
 *(.rel.data.*)
 *(.rel.gnu.linkonce.d*)

.rela.data
 *(.rela.data)
 *(.rela.data.*)
 *(.rela.gnu.linkonce.d*)

.rel.ctors
 *(.rel.ctors)

.rela.ctors
 *(.rela.ctors)

.rel.dtors
 *(.rel.dtors)

.rela.dtors
 *(.rela.dtors)

.rel.got
 *(.rel.got)

.rela.got
 *(.rela.got)

.rel.bss
 *(.rel.bss)

.rela.bss
 *(.rela.bss)

.rel.plt
 *(.rel.plt)

.rela.plt
 *(.rela.plt)

.text           0x0000000000000000      0x468
 *(.vectors)
 .vectors       0x0000000000000000       0x22 /usr/lib/gcc/avr/5.2.0/../../../../avr/lib/avr25/crtattiny84.o
                0x0000000000000000                __vectors
                0x0000000000000000                __vector_default
 *(.vectors)
 *(.progmem.gcc*)
                0x0000000000000022                . = ALIGN (0x2)
                0x0000000000000022                __trampolines_start = .
 *(.trampolines)
 .trampolines   0x0000000000000022        0x0 linker stubs
 *(.trampolines*)
                0x0000000000000022                __trampolines_end = .
 *(.progmem*)
                0x0000000000000022                . = ALIGN (0x2)
 *(.jumptables)
 *(.jumptables*)
 *(.lowtext)
 *(.lowtext*)
                0x0000000000000022                __ctors_start = .
 *(.ctors)
                0x0000000000000022                __ctors_end = .
                0x0000000000000022                __dtors_start = .
 *(.dtors)
                0x0000000000000022                __dtors_end = .
 SORT(*)(.ctors)
 SORT(*)(.dtors)
 *(.init0)
 .init0         0x0000000000000022        0x0 /usr/lib/gcc/avr/5.2.0/../../../../avr/lib/avr25/crtattiny84.o
                0x0000000000000022                __init
 *(.init0)
 *(.init1)
 *(.init1)
 *(.init2)
 .init2         0x0000000000000022        0xc /usr/lib/gcc/avr/5.2.0/../../../../avr/lib/avr25/crtattiny84.o
 *(.init2)
 *(.init3)
 *(.init3)
 *(.init4)
 .init4         0x000000000000002e       0x16 /usr/lib/gcc/avr/5.2.0/avr25/libgcc.a(_copy_data.o)
                0x000000000000002e                __do_copy_data
 .init4         0x0000000000000044       0x10 /usr/lib/gcc/avr/5.2.0/avr25/libgcc.a(_clear_bss.o)
                0x0000000000000044                __do_clear_bss
 *(.init4)
 *(.init5)
 *(.init5)
 *(.init6)
 *(.init6)
 *(.init7)
 *(.init7)
 *(.init8)
 *(.init8)
 *(.init9)
 .init9         0x0000000000000054        0x4 /usr/lib/gcc/avr/5.2.0/../../../../avr/lib/avr25/crtattiny84.o
 *(.init9)
 *(.text)
 .text          0x0000000000000058        0x2 /usr/lib/gcc/avr/5.2.0/../../../../avr/lib/avr25/crtattiny84.o
                0x0000000000000058                __vector_1
                0x0000000000000058                __vector_12
                0x0000000000000058                __bad_interrupt
                0x0000000000000058                __vector_6
                0x0000000000000058                __vector_3
                0x0000000000000058                __vector_11
                0x0000000000000058                __vector_13
                0x0000000000000058                __vector_7
                0x0000000000000058                __vector_5
                0x0000000000000058                __vector_9
                0x0000000000000058                __vector_2
                0x0000000000000058                __vector_15
                0x0000000000000058                __vector_8
                0x0000000000000058                __vector_14
                0x0000000000000058                __vector_10
                0x0000000000000058                __vector_16
 .text          0x000000000000005a       0x66 main.o
                0x000000000000005a                system_sleep
                0x000000000000007e                setup_watchdog
                0x00000000000000ac                __vector_4
 .text          0x00000000000000c0       0x42 radioPinFunctions.o
                0x00000000000000c0                nrf24_setupPins
                0x00000000000000cc                nrf24_ce_digitalWrite
                0x00000000000000d8                nrf24_csn_digitalWrite
                0x00000000000000e4                nrf24_sck_digitalWrite
                0x00000000000000f0                nrf24_mosi_digitalWrite
                0x00000000000000fc                nrf24_miso_digitalRead
 .text          0x0000000000000102      0x304 nrf24.o
                0x0000000000000102                nrf24_init
                0x000000000000010c                nrf24_payload_length
                0x0000000000000112                spi_transfer
                0x0000000000000168                nrf24_payloadLength
                0x0000000000000182                nrf24_getStatus
                0x0000000000000198                nrf24_isSending
                0x00000000000001a6                nrf24_lastMessageStatus
                0x00000000000001bc                nrf24_transferSync
                0x00000000000001f2                nrf24_transmitSync
                0x0000000000000218                nrf24_configRegister
                0x0000000000000246                nrf24_getData
                0x000000000000026c                nrf24_powerUpRx
                0x000000000000028c                nrf24_config
                0x00000000000002c6                nrf24_powerUpTx
                0x00000000000002d2                nrf24_send
                0x00000000000002fa                nrf24_powerDown
                0x0000000000000304                nrf24_readRegister
                0x000000000000033c                nrf24_rxFifoEmpty
                0x000000000000035e                nrf24_dataReady
                0x0000000000000376                nrf24_retransmissionCount
                0x0000000000000398                nrf24_writeRegister
                0x00000000000003d2                nrf24_rx_address
                0x00000000000003ec                nrf24_tx_address
 .text          0x0000000000000406        0x0 /usr/lib/gcc/avr/5.2.0/avr25/libgcc.a(_exit.o)
 .text          0x0000000000000406        0x0 /usr/lib/gcc/avr/5.2.0/avr25/libgcc.a(_copy_data.o)
 .text          0x0000000000000406        0x0 /usr/lib/gcc/avr/5.2.0/avr25/libgcc.a(_clear_bss.o)
                0x0000000000000406                . = ALIGN (0x2)
 *(.text.*)
 .text.startup  0x0000000000000406       0x5e main.o
                0x0000000000000406                main
 .text.libgcc.mul
                0x0000000000000464        0x0 /usr/lib/gcc/avr/5.2.0/avr25/libgcc.a(_exit.o)
 .text.libgcc.div
                0x0000000000000464        0x0 /usr/lib/gcc/avr/5.2.0/avr25/libgcc.a(_exit.o)
 .text.libgcc   0x0000000000000464        0x0 /usr/lib/gcc/avr/5.2.0/avr25/libgcc.a(_exit.o)
 .text.libgcc.prologue
                0x0000000000000464        0x0 /usr/lib/gcc/avr/5.2.0/avr25/libgcc.a(_exit.o)
 .text.libgcc.builtins
                0x0000000000000464        0x0 /usr/lib/gcc/avr/5.2.0/avr25/libgcc.a(_exit.o)
 .text.libgcc.fmul
                0x0000000000000464        0x0 /usr/lib/gcc/avr/5.2.0/avr25/libgcc.a(_exit.o)
 .text.libgcc.fixed
                0x0000000000000464        0x0 /usr/lib/gcc/avr/5.2.0/avr25/libgcc.a(_exit.o)
 .text.libgcc.mul
                0x0000000000000464        0x0 /usr/lib/gcc/avr/5.2.0/avr25/libgcc.a(_copy_data.o)
 .text.libgcc.div
                0x0000000000000464        0x0 /usr/lib/gcc/avr/5.2.0/avr25/libgcc.a(_copy_data.o)
 .text.libgcc   0x0000000000000464        0x0 /usr/lib/gcc/avr/5.2.0/avr25/libgcc.a(_copy_data.o)
 .text.libgcc.prologue
                0x0000000000000464        0x0 /usr/lib/gcc/avr/5.2.0/avr25/libgcc.a(_copy_data.o)
 .text.libgcc.builtins
                0x0000000000000464        0x0 /usr/lib/gcc/avr/5.2.0/avr25/libgcc.a(_copy_data.o)
 .text.libgcc.fmul
                0x0000000000000464        0x0 /usr/lib/gcc/avr/5.2.0/avr25/libgcc.a(_copy_data.o)
 .text.libgcc.fixed
                0x0000000000000464        0x0 /usr/lib/gcc/avr/5.2.0/avr25/libgcc.a(_copy_data.o)
 .text.libgcc.mul
                0x0000000000000464        0x0 /usr/lib/gcc/avr/5.2.0/avr25/libgcc.a(_clear_bss.o)
 .text.libgcc.div
                0x0000000000000464        0x0 /usr/lib/gcc/avr/5.2.0/avr25/libgcc.a(_clear_bss.o)
 .text.libgcc   0x0000000000000464        0x0 /usr/lib/gcc/avr/5.2.0/avr25/libgcc.a(_clear_bss.o)
 .text.libgcc.prologue
                0x0000000000000464        0x0 /usr/lib/gcc/avr/5.2.0/avr25/libgcc.a(_clear_bss.o)
 .text.libgcc.builtins
                0x0000000000000464        0x0 /usr/lib/gcc/avr/5.2.0/avr25/libgcc.a(_clear_bss.o)
 .text.libgcc.fmul
                0x0000000000000464        0x0 /usr/lib/gcc/avr/5.2.0/avr25/libgcc.a(_clear_bss.o)
 .text.libgcc.fixed
                0x0000000000000464        0x0 /usr/lib/gcc/avr/5.2.0/avr25/libgcc.a(_clear_bss.o)
                0x0000000000000464                . = ALIGN (0x2)
 *(.fini9)
 .fini9         0x0000000000000464        0x0 /usr/lib/gcc/avr/5.2.0/avr25/libgcc.a(_exit.o)
                0x0000000000000464                exit
                0x0000000000000464                _exit
 *(.fini9)
 *(.fini8)
 *(.fini8)
 *(.fini7)
 *(.fini7)
 *(.fini6)
 *(.fini6)
 *(.fini5)
 *(.fini5)
 *(.fini4)
 *(.fini4)
 *(.fini3)
 *(.fini3)
 *(.fini2)
 *(.fini2)
 *(.fini1)
 *(.fini1)
 *(.fini0)
 .fini0         0x0000000000000464        0x4 /usr/lib/gcc/avr/5.2.0/avr25/libgcc.a(_exit.o)
 *(.fini0)
                0x0000000000000468                _etext = .

.data           0x0000000000800060        0x6 load address 0x0000000000000468
                0x0000000000800060                PROVIDE (__data_start, .)
 *(.data)
 .data          0x0000000000800060        0x0 /usr/lib/gcc/avr/5.2.0/../../../../avr/lib/avr25/crtattiny84.o
 .data          0x0000000000800060        0x5 main.o
                0x0000000000800060                tx_address
 .data          0x0000000000800065        0x0 radioPinFunctions.o
 .data          0x0000000000800065        0x0 nrf24.o
 .data          0x0000000000800065        0x0 /usr/lib/gcc/avr/5.2.0/avr25/libgcc.a(_exit.o)
 .data          0x0000000000800065        0x0 /usr/lib/gcc/avr/5.2.0/avr25/libgcc.a(_copy_data.o)
 .data          0x0000000000800065        0x0 /usr/lib/gcc/avr/5.2.0/avr25/libgcc.a(_clear_bss.o)
 *(.data*)
 *(.rodata)
 *(.rodata*)
 *(.gnu.linkonce.d*)
                0x0000000000800066                . = ALIGN (0x2)
 *fill*         0x0000000000800065        0x1 
                0x0000000000800066                _edata = .
                0x0000000000800066                PROVIDE (__data_end, .)

.bss            0x0000000000800066        0x7
                0x0000000000800066                PROVIDE (__bss_start, .)
 *(.bss)
 .bss           0x0000000000800066        0x0 /usr/lib/gcc/avr/5.2.0/../../../../avr/lib/avr25/crtattiny84.o
 .bss           0x0000000000800066        0x1 main.o
                0x0000000000800066                q
 .bss           0x0000000000800067        0x0 radioPinFunctions.o
 .bss           0x0000000000800067        0x0 nrf24.o
 .bss           0x0000000000800067        0x0 /usr/lib/gcc/avr/5.2.0/avr25/libgcc.a(_exit.o)
 .bss           0x0000000000800067        0x0 /usr/lib/gcc/avr/5.2.0/avr25/libgcc.a(_copy_data.o)
 .bss           0x0000000000800067        0x0 /usr/lib/gcc/avr/5.2.0/avr25/libgcc.a(_clear_bss.o)
 *(.bss*)
 *(COMMON)
 COMMON         0x0000000000800067        0x5 main.o
                0x0000000000800067                temp
                0x0000000000800068                data_array
 COMMON         0x000000000080006c        0x1 nrf24.o
                0x000000000080006c                payload_len
                0x000000000080006d                PROVIDE (__bss_end, .)
                0x0000000000000468                __data_load_start = LOADADDR (.data)
                0x000000000000046e                __data_load_end = (__data_load_start + SIZEOF (.data))

.noinit         0x000000000080006d        0x0
                [!provide]                        PROVIDE (__noinit_start, .)
 *(.noinit*)
                [!provide]                        PROVIDE (__noinit_end, .)
                0x000000000080006d                _end = .
                [!provide]                        PROVIDE (__heap_start, .)

.eeprom         0x0000000000810000        0x0
 *(.eeprom*)
                0x0000000000810000                __eeprom_end = .

.fuse
 *(.fuse)
 *(.lfuse)
 *(.hfuse)
 *(.efuse)

.lock
 *(.lock*)

.signature
 *(.signature*)

.stab
 *(.stab)

.stabstr
 *(.stabstr)

.stab.excl
 *(.stab.excl)

.stab.exclstr
 *(.stab.exclstr)

.stab.index
 *(.stab.index)

.stab.indexstr
 *(.stab.indexstr)

.comment        0x0000000000000000       0x11
 *(.comment)
 .comment       0x0000000000000000       0x11 main.o
                                         0x12 (size before relaxing)
 .comment       0x0000000000000011       0x12 radioPinFunctions.o
 .comment       0x0000000000000011       0x12 nrf24.o

.note.gnu.avr.deviceinfo
                0x0000000000000000       0x3c
 .note.gnu.avr.deviceinfo
                0x0000000000000000       0x3c /usr/lib/gcc/avr/5.2.0/../../../../avr/lib/avr25/crtattiny84.o

.note.gnu.build-id
 *(.note.gnu.build-id)

.debug
 *(.debug)

.line
 *(.line)

.debug_srcinfo
 *(.debug_srcinfo)

.debug_sfnames
 *(.debug_sfnames)

.debug_aranges  0x0000000000000000       0x68
 *(.debug_aranges)
 .debug_aranges
                0x0000000000000000       0x28 main.o
 .debug_aranges
                0x0000000000000028       0x20 radioPinFunctions.o
 .debug_aranges
                0x0000000000000048       0x20 nrf24.o

.debug_pubnames
 *(.debug_pubnames)

.debug_info     0x0000000000000000     0x12a7
 *(.debug_info .gnu.linkonce.wi.*)
 .debug_info    0x0000000000000000      0x420 /usr/lib/gcc/avr/5.2.0/../../../../avr/lib/avr25/crtattiny84.o
 .debug_info    0x0000000000000420      0x294 main.o
 .debug_info    0x00000000000006b4      0x137 radioPinFunctions.o
 .debug_info    0x00000000000007eb      0xabc nrf24.o

.debug_abbrev   0x0000000000000000      0x816
 *(.debug_abbrev)
 .debug_abbrev  0x0000000000000000      0x3e8 /usr/lib/gcc/avr/5.2.0/../../../../avr/lib/avr25/crtattiny84.o
 .debug_abbrev  0x00000000000003e8      0x1a4 main.o
 .debug_abbrev  0x000000000000058c       0x8e radioPinFunctions.o
 .debug_abbrev  0x000000000000061a      0x1fc nrf24.o

.debug_line     0x0000000000000000      0x293
 *(.debug_line .debug_line.* .debug_line_end)
 .debug_line    0x0000000000000000       0x1d /usr/lib/gcc/avr/5.2.0/../../../../avr/lib/avr25/crtattiny84.o
 .debug_line    0x000000000000001d       0xc3 main.o
 .debug_line    0x00000000000000e0       0x78 radioPinFunctions.o
 .debug_line    0x0000000000000158      0x13b nrf24.o

.debug_frame    0x0000000000000000      0x37c
 *(.debug_frame)
 .debug_frame   0x0000000000000000       0x60 main.o
 .debug_frame   0x0000000000000060       0x74 radioPinFunctions.o
 .debug_frame   0x00000000000000d4      0x2a8 nrf24.o

.debug_str      0x0000000000000000      0x573
 *(.debug_str)
 .debug_str     0x0000000000000000      0x176 /usr/lib/gcc/avr/5.2.0/../../../../avr/lib/avr25/crtattiny84.o
 .debug_str     0x0000000000000176      0x1b1 main.o
                                        0x1f0 (size before relaxing)
 .debug_str     0x0000000000000327       0x9d radioPinFunctions.o
                                        0x1b8 (size before relaxing)
 .debug_str     0x00000000000003c4      0x1af nrf24.o
                                        0x380 (size before relaxing)

.debug_loc      0x0000000000000000      0x95c
 *(.debug_loc)
 .debug_loc     0x0000000000000000       0x47 main.o
 .debug_loc     0x0000000000000047      0x915 nrf24.o

.debug_macinfo
 *(.debug_macinfo)

.debug_weaknames
 *(.debug_weaknames)

.debug_funcnames
 *(.debug_funcnames)

.debug_typenames
 *(.debug_typenames)

.debug_varnames
 *(.debug_varnames)

.debug_pubtypes
 *(.debug_pubtypes)

.debug_ranges   0x0000000000000000       0x18
 *(.debug_ranges)
 .debug_ranges  0x0000000000000000       0x18 main.o

.debug_macro
 *(.debug_macro)
OUTPUT(main.elf elf32-avr)
LOAD linker stubs

Cross Reference Table

Symbol                                            File
__bad_interrupt                                   /usr/lib/gcc/avr/5.2.0/../../../../avr/lib/avr25/crtattiny84.o
__bss_end                                         /usr/lib/gcc/avr/5.2.0/avr25/libgcc.a(_clear_bss.o)
__bss_start                                       /usr/lib/gcc/avr/5.2.0/avr25/libgcc.a(_clear_bss.o)
__data_end                                        /usr/lib/gcc/avr/5.2.0/avr25/libgcc.a(_copy_data.o)
__data_load_start                                 /usr/lib/gcc/avr/5.2.0/avr25/libgcc.a(_copy_data.o)
__data_start                                      /usr/lib/gcc/avr/5.2.0/avr25/libgcc.a(_copy_data.o)
__do_clear_bss                                    /usr/lib/gcc/avr/5.2.0/avr25/libgcc.a(_clear_bss.o)
                                                  nrf24.o
                                                  main.o
__do_copy_data                                    /usr/lib/gcc/avr/5.2.0/avr25/libgcc.a(_copy_data.o)
                                                  main.o
__heap_end                                        /usr/lib/gcc/avr/5.2.0/../../../../avr/lib/avr25/crtattiny84.o
__init                                            /usr/lib/gcc/avr/5.2.0/../../../../avr/lib/avr25/crtattiny84.o
__stack                                           /usr/lib/gcc/avr/5.2.0/../../../../avr/lib/avr25/crtattiny84.o
__vector_1                                        /usr/lib/gcc/avr/5.2.0/../../../../avr/lib/avr25/crtattiny84.o
__vector_10                                       /usr/lib/gcc/avr/5.2.0/../../../../avr/lib/avr25/crtattiny84.o
__vector_11                                       /usr/lib/gcc/avr/5.2.0/../../../../avr/lib/avr25/crtattiny84.o
__vector_12                                       /usr/lib/gcc/avr/5.2.0/../../../../avr/lib/avr25/crtattiny84.o
__vector_13                                       /usr/lib/gcc/avr/5.2.0/../../../../avr/lib/avr25/crtattiny84.o
__vector_14                                       /usr/lib/gcc/avr/5.2.0/../../../../avr/lib/avr25/crtattiny84.o
__vector_15                                       /usr/lib/gcc/avr/5.2.0/../../../../avr/lib/avr25/crtattiny84.o
__vector_16                                       /usr/lib/gcc/avr/5.2.0/../../../../avr/lib/avr25/crtattiny84.o
__vector_2                                        /usr/lib/gcc/avr/5.2.0/../../../../avr/lib/avr25/crtattiny84.o
__vector_3                                        /usr/lib/gcc/avr/5.2.0/../../../../avr/lib/avr25/crtattiny84.o
__vector_4                                        main.o
                                                  /usr/lib/gcc/avr/5.2.0/../../../../avr/lib/avr25/crtattiny84.o
__vector_5                                        /usr/lib/gcc/avr/5.2.0/../../../../avr/lib/avr25/crtattiny84.o
__vector_6                                        /usr/lib/gcc/avr/5.2.0/../../../../avr/lib/avr25/crtattiny84.o
__vector_7                                        /usr/lib/gcc/avr/5.2.0/../../../../avr/lib/avr25/crtattiny84.o
__vector_8                                        /usr/lib/gcc/avr/5.2.0/../../../../avr/lib/avr25/crtattiny84.o
__vector_9                                        /usr/lib/gcc/avr/5.2.0/../../../../avr/lib/avr25/crtattiny84.o
__vector_default                                  /usr/lib/gcc/avr/5.2.0/../../../../avr/lib/avr25/crtattiny84.o
__vectors                                         /usr/lib/gcc/avr/5.2.0/../../../../avr/lib/avr25/crtattiny84.o
_exit                                             /usr/lib/gcc/avr/5.2.0/avr25/libgcc.a(_exit.o)
data_array                                        main.o
exit                                              /usr/lib/gcc/avr/5.2.0/avr25/libgcc.a(_exit.o)
                                                  /usr/lib/gcc/avr/5.2.0/../../../../avr/lib/avr25/crtattiny84.o
main                                              main.o
                                                  /usr/lib/gcc/avr/5.2.0/../../../../avr/lib/avr25/crtattiny84.o
nrf24_ce_digitalWrite                             radioPinFunctions.o
                                                  nrf24.o
nrf24_config                                      nrf24.o
                                                  main.o
nrf24_configRegister                              nrf24.o
nrf24_csn_digitalWrite                            radioPinFunctions.o
                                                  nrf24.o
nrf24_dataReady                                   nrf24.o
nrf24_getData                                     nrf24.o
nrf24_getStatus                                   nrf24.o
nrf24_init                                        nrf24.o
                                                  main.o
nrf24_isSending                                   nrf24.o
                                                  main.o
nrf24_lastMessageStatus                           nrf24.o
nrf24_miso_digitalRead                            radioPinFunctions.o
                                                  nrf24.o
nrf24_mosi_digitalWrite                           radioPinFunctions.o
                                                  nrf24.o
nrf24_payloadLength                               nrf24.o
nrf24_payload_length                              nrf24.o
nrf24_powerDown                                   nrf24.o
nrf24_powerUpRx                                   nrf24.o
nrf24_powerUpTx                                   nrf24.o
nrf24_readRegister                                nrf24.o
nrf24_retransmissionCount                         nrf24.o
nrf24_rxFifoEmpty                                 nrf24.o
nrf24_rx_address                                  nrf24.o
nrf24_sck_digitalWrite                            radioPinFunctions.o
                                                  nrf24.o
nrf24_send                                        nrf24.o
                                                  main.o
nrf24_setupPins                                   radioPinFunctions.o
                                                  nrf24.o
nrf24_transferSync                                nrf24.o
nrf24_transmitSync                                nrf24.o
nrf24_tx_address                                  nrf24.o
nrf24_writeRegister                               nrf24.o
payload_len                                       nrf24.o
q                                                 main.o
setup_watchdog                                    main.o
spi_transfer                                      nrf24.o
system_sleep                                      main.o
temp                                              main.o
tx_address                                        main.o
